com\example\smartcity\modules\analytics\entity\WardAchievement.class
com\example\smartcity\modules\feedback\dto\CitizenFeedbackMediaRequest.class
com\example\smartcity\rag\selfrag\SelfRagService.class
com\example\smartcity\common\base\BaseRepository.class
com\example\smartcity\modules\permission\entity\Permission.class
com\example\smartcity\modules\auth\payload\TokenResponse.class
com\example\smartcity\modules\feedback\dto\FeedbackAttachmentResponse.class
com\example\smartcity\modules\feedback\service\CitizenFeedbackMediaService$EbmlValue.class
com\example\smartcity\modules\feedback\service\CategoryService.class
com\example\smartcity\common\response\ApiResponse.class
com\example\smartcity\security\secrets\SecretsProvider.class
com\example\smartcity\modules\campaign\entity\CampaignFeedback$CampaignFeedbackBuilder.class
com\example\smartcity\modules\analytics\repository\WardRankingSnapshotRepository.class
com\example\smartcity\modules\core\controller\WardController.class
com\example\smartcity\modules\user\mapper\UserMapper.class
com\example\smartcity\common\config\VectorConverter.class
com\example\smartcity\modules\campaign\dto\CampaignActionRequest.class
com\example\smartcity\security\https\HttpsRedirectFilter.class
com\example\smartcity\common\config\PostgresExtensionInitializer.class
com\example\smartcity\config\WebSocketConfig$1.class
com\example\smartcity\modules\feedback\service\AutoDispatchService$1.class
com\example\smartcity\modules\analytics\entity\DashboardStats$DashboardStatsBuilder.class
com\example\smartcity\modules\auth\service\MfaService.class
com\example\smartcity\ai_orchestrator\router\AiRouterService.class
com\example\smartcity\modules\campaign\repository\CampaignParticipantRepository.class
com\example\smartcity\modules\notification\entity\Notification$NotificationBuilder.class
com\example\smartcity\modules\campaign\dto\CampaignResponse.class
com\example\smartcity\modules\feedback\entity\Feedback.class
com\example\smartcity\modules\auth\payload\LoginRequest.class
com\example\smartcity\modules\campaign\dto\CampaignResponse$CampaignResponseBuilder.class
com\example\smartcity\modules\auth\entity\RefreshToken.class
com\example\smartcity\modules\analytics\dto\WardRankingResponse.class
com\example\smartcity\modules\auth\service\SmsService.class
com\example\smartcity\modules\police\dto\PoliceUnitResponse.class
com\example\smartcity\modules\campaign\repository\CampaignRepository.class
com\example\smartcity\modules\feedback\dto\FeedbackRequest$FeedbackRequestBuilder.class
com\example\smartcity\modules\auth\service\RefreshTokenService.class
com\example\smartcity\modules\chat\controller\ChatController.class
com\example\smartcity\modules\chat\dto\ChatRequestDto.class
com\example\smartcity\modules\feedback\dto\FeedbackSupplementRequest.class
com\example\smartcity\modules\auth\service\MfaSessionService$MfaSession.class
com\example\smartcity\modules\campaign\controller\CampaignController.class
com\example\smartcity\ai_orchestrator\guardrails\ContentGuardrailService.class
com\example\smartcity\ai_orchestrator\racing\SpeculativeRacingService.class
com\example\smartcity\rag\exception\RagExceptionHandler.class
com\example\smartcity\rag\retrieval\BM25Retriever.class
com\example\smartcity\modules\analytics\entity\DashboardStats.class
com\example\smartcity\rag\model\RetrievalOptions.class
com\example\smartcity\modules\chat\dto\ChatRequestDto$ChatMessage.class
com\example\smartcity\modules\feedback\entity\AiTask$AiTaskBuilder.class
com\example\smartcity\modules\campaign\repository\CampaignFeedbackRepository.class
com\example\smartcity\modules\feedback\dto\CitizenFeedbackMediaResponse.class
com\example\smartcity\modules\police\dto\PoliceUnitRequest$PoliceUnitRequestBuilder.class
com\example\smartcity\ai_orchestrator\entity\SemanticCache$SemanticCacheBuilder.class
com\example\smartcity\ai_orchestrator\guardrails\ContentGuardrailService$UserState.class
com\example\smartcity\modules\campaign\service\CampaignAppealService.class
com\example\smartcity\modules\auth\payload\RegisterRequest.class
com\example\smartcity\common\logging\RequestIdFilter.class
com\example\smartcity\rag\metrics\TokenCostTracker.class
com\example\smartcity\modules\feedback\dto\FeedbackSupplementRequest$FeedbackSupplementRequestBuilder.class
com\example\smartcity\modules\notification\controller\NotificationController.class
com\example\smartcity\rag\generation\LlmExecutionService.class
com\example\smartcity\modules\analytics\DashboardController.class
com\example\smartcity\ai_orchestrator\racing\RaceResult.class
com\example\smartcity\modules\feedback\dto\AssignRequest.class
com\example\smartcity\ai_orchestrator\entity\SemanticCache.class
com\example\smartcity\modules\auth\controller\AuthController.class
com\example\smartcity\modules\file\FileStorageService.class
com\example\smartcity\rag\generation\CitationExtractor.class
com\example\smartcity\modules\chatbot\service\ChatbotService$1.class
com\example\smartcity\modules\permission\entity\PermissionCategory.class
com\example\smartcity\modules\feedback\dto\CategoryDTO$CategoryDTOBuilder.class
com\example\smartcity\modules\feedback\repository\AiTaskRepository.class
com\example\smartcity\modules\warning\entity\RegionalWarning$RegionalWarningBuilder.class
com\example\smartcity\modules\feedback\dto\PagedResponse.class
com\example\smartcity\modules\chatbot\entity\KnowledgeBase.class
com\example\smartcity\modules\file\FileController$AttachmentDto.class
com\example\smartcity\modules\notification\service\NotificationService.class
com\example\smartcity\modules\feedback\dto\PagedResponse$PagedResponseBuilder.class
com\example\smartcity\common\base\BaseMapper.class
com\example\smartcity\modules\analytics\AnalyticsController.class
com\example\smartcity\modules\feedback\dto\FeedbackRequest.class
com\example\smartcity\modules\campaign\entity\CampaignComment$CampaignCommentBuilder.class
com\example\smartcity\security\secrets\EnvironmentSecretsProvider.class
com\example\smartcity\modules\auth\payload\AuthResponse.class
com\example\smartcity\ai_orchestrator\security\AdminApiKeyFilter.class
com\example\smartcity\security\secrets\SecurityManager.class
com\example\smartcity\modules\auth\entity\EmailVerification$EmailVerificationBuilder.class
com\example\smartcity\modules\feedback\controller\CategoryController.class
com\example\smartcity\ai_orchestrator\pool\GroqKeyPool$KeyEntry.class
com\example\smartcity\rag\repository\DocumentChunkRepository.class
com\example\smartcity\modules\feedback\service\CategoryRoutingService.class
com\example\smartcity\modules\analytics\entity\KpiReport.class
com\example\smartcity\modules\news\dto\NewsResponseDTO$NewsResponseDTOBuilder.class
com\example\smartcity\modules\police\dto\AiDeduplicationResponse.class
com\example\smartcity\modules\campaign\service\CampaignServiceImpl.class
com\example\smartcity\rag\model\RagRequest.class
com\example\smartcity\modules\chat\service\ChatIntentRouter.class
com\example\smartcity\modules\analytics\dto\WardDetailResponse$MonthlyScore.class
com\example\smartcity\modules\campaign\repository\CampaignChatMessageRepository.class
com\example\smartcity\modules\police\service\PoliceFeedbackService$1.class
com\example\smartcity\modules\feedback\dto\StatusChangeRequest$StatusChangeRequestBuilder.class
com\example\smartcity\security\jwt\JwtAuthEntryPoint.class
com\example\smartcity\ai_orchestrator\security\TokenManagerService.class
com\example\smartcity\modules\campaign\repository\CampaignAppealRepository.class
com\example\smartcity\modules\permission\entity\WardAssignment$AssignmentType.class
com\example\smartcity\rag\ingestion\DocumentIndexingListener.class
com\example\smartcity\modules\feedback\entity\FeedbackEvaluation.class
com\example\smartcity\modules\news\service\NewsService.class
com\example\smartcity\modules\auth\job\OtpCleanupScheduler.class
com\example\smartcity\modules\feedback\entity\AiAnalysis.class
com\example\smartcity\modules\feedback\entity\AiTask.class
com\example\smartcity\modules\auth\service\AuthService.class
com\example\smartcity\modules\campaign\dto\CampaignAppealResponse.class
com\example\smartcity\modules\campaign\entity\CampaignChatMessage$CampaignChatMessageBuilder.class
com\example\smartcity\modules\campaign\repository\CampaignCommentRepository.class
com\example\smartcity\rag\exception\EmbeddingException.class
com\example\smartcity\modules\notification\repository\NotificationRepository.class
com\example\smartcity\modules\core\service\LocationResolutionService.class
com\example\smartcity\rag\model\RagResponse.class
com\example\smartcity\modules\feedback\repository\FeedbackRepository.class
com\example\smartcity\modules\police\dto\PoliceUnitResponse$PoliceUnitResponseBuilder.class
com\example\smartcity\ai_orchestrator\adapter\GroqAdapter.class
com\example\smartcity\common\exception\GlobalExceptionHandler.class
com\example\smartcity\ai_orchestrator\adapter\GeminiAdapter$GeminiResponse.class
com\example\smartcity\modules\auth\entity\EmailVerification.class
com\example\smartcity\modules\feedback\dto\StatusChangeRequest.class
com\example\smartcity\modules\campaign\dto\CampaignAppealResponse$CampaignAppealResponseBuilder.class
com\example\smartcity\modules\analytics\repository\WardAchievementRepository.class
com\example\smartcity\modules\auth\repository\RefreshTokenRepository.class
com\example\smartcity\common\config\DataInitializer.class
com\example\smartcity\modules\campaign\job\CampaignStatusCleanupRunner.class
com\example\smartcity\modules\chatbot\entity\ChatHistory.class
com\example\smartcity\modules\notification\mapper\NotificationMapperImpl.class
com\example\smartcity\modules\police\dto\UpdateFeedbackStatusRequest.class
com\example\smartcity\modules\auth\repository\SmsVerificationRepository.class
com\example\smartcity\modules\user\entity\Role.class
com\example\smartcity\modules\police\dto\PoliceUnitRequest.class
com\example\smartcity\modules\analytics\AnalyticsController$DispatchAgency.class
com\example\smartcity\ai_orchestrator\adapter\GeminiAdapter.class
com\example\smartcity\ai_orchestrator\pool\GeminiKeyPool.class
com\example\smartcity\modules\police\dto\RejectFeedbackRequest.class
com\example\smartcity\rag\ingestion\DocumentIngestionPipeline$DocumentUploadedEvent.class
com\example\smartcity\modules\auth\payload\request\RefreshTokenRequest.class
com\example\smartcity\rag\metrics\RagMetrics.class
com\example\smartcity\security\jwt\TokenBlacklistService.class
com\example\smartcity\modules\core\repository\WardRepository.class
com\example\smartcity\modules\feedback\dto\FeedbackResponse$FeedbackResponseBuilder.class
com\example\smartcity\modules\user\service\UserService.class
com\example\smartcity\modules\news\service\NewsServiceImpl.class
com\example\smartcity\modules\feedback\service\CitizenFeedbackMediaService.class
com\example\smartcity\rag\generation\QueryTransformer.class
com\example\smartcity\modules\chatbot\entity\ChatIntent.class
com\example\smartcity\modules\auth\payload\request\SmsVerifyRequest.class
com\example\smartcity\modules\feedback\dto\AssignRequest$AssignRequestBuilder.class
com\example\smartcity\modules\analytics\DashboardController$WardStaffStatsResponse.class
com\example\smartcity\rag\generation\LlmExecutionService$LlmCallResult.class
com\example\smartcity\modules\feedback\service\AutoDispatchService.class
com\example\smartcity\modules\auth\entity\MfaSession$MfaSessionBuilder.class
com\example\smartcity\modules\auth\service\EmailOtpService.class
com\example\smartcity\security\secrets\DockerSecretsProvider.class
com\example\smartcity\modules\campaign\dto\AttendanceBulkRequest.class
com\example\smartcity\modules\auth\payload\ForgotPasswordRequest.class
com\example\smartcity\modules\feedback\dto\FeedbackLogResponse$FeedbackLogResponseBuilder.class
com\example\smartcity\rag\model\DocumentChunk.class
com\example\smartcity\security\ratelimit\AuthRateLimiter.class
com\example\smartcity\SmartCityApplication.class
com\example\smartcity\modules\notification\service\ExternalNotificationService.class
com\example\smartcity\modules\campaign\entity\CampaignParticipant$CampaignParticipantBuilder.class
com\example\smartcity\security\jwt\JwtAuthenticationFilter.class
com\example\smartcity\modules\campaign\dto\CampaignFeedbackResponse$CampaignFeedbackResponseBuilder.class
com\example\smartcity\modules\feedback\controller\FeedbackMediaController.class
com\example\smartcity\rag\retrieval\VectorRetriever.class
com\example\smartcity\modules\feedback\dto\FeedbackLookupStatsResponse.class
com\example\smartcity\modules\auth\payload\MfaVerificationRequest.class
com\example\smartcity\modules\campaign\dto\CampaignBatchApproveRequest.class
com\example\smartcity\rag\controller\RagController.class
com\example\smartcity\rag\model\Citation.class
com\example\smartcity\rag\retrieval\ContextCompressor.class
com\example\smartcity\modules\campaign\entity\CampaignAppeal.class
com\example\smartcity\modules\chatbot\controller\ChatbotController.class
com\example\smartcity\rag\model\DocumentMetadata.class
com\example\smartcity\modules\campaign\dto\CampaignCommentResponse.class
com\example\smartcity\ai_orchestrator\pool\GroqKeyPool$PoolExhaustedException.class
com\example\smartcity\ai_orchestrator\pool\GeminiKeyPool$KeyStatus.class
com\example\smartcity\modules\notification\mapper\NotificationMapper.class
com\example\smartcity\modules\feedback\entity\Category.class
com\example\smartcity\modules\notification\entity\Notification.class
com\example\smartcity\modules\police\dto\PoliceFeedbackResponse.class
com\example\smartcity\modules\campaign\dto\CampaignRequest.class
com\example\smartcity\ai_orchestrator\metrics\OrchestratorMetrics$ProviderStats.class
com\example\smartcity\rag\retrieval\RrfFusionService.class
com\example\smartcity\modules\analytics\dto\WardDetailResponse.class
com\example\smartcity\modules\campaign\dto\AttendanceBulkRequest$AttendanceItem.class
com\example\smartcity\common\base\BaseServiceImpl.class
com\example\smartcity\modules\auth\service\MfaSessionService.class
com\example\smartcity\modules\permission\dto\PermissionDTO.class
com\example\smartcity\modules\feedback\dto\FeedbackLookupStatsResponse$FeedbackLookupStatsResponseBuilder.class
com\example\smartcity\ai_orchestrator\cache\SemanticCacheService.class
com\example\smartcity\modules\feedback\repository\CategoryRepository.class
com\example\smartcity\modules\analytics\service\WardRankingService.class
com\example\smartcity\modules\campaign\dto\CampaignChatMessageResponse$CampaignChatMessageResponseBuilder.class
com\example\smartcity\security\ratelimit\RateLimitExceededException.class
com\example\smartcity\modules\user\dto\UserDTO$UserDTOBuilder.class
com\example\smartcity\modules\campaign\dto\CampaignAppealReviewRequest.class
com\example\smartcity\modules\feedback\controller\FeedbackController$1.class
com\example\smartcity\modules\analytics\entity\KpiReport$KpiReportBuilder.class
com\example\smartcity\rag\ingestion\EmbeddingClientFacade.class
com\example\smartcity\modules\feedback\repository\AttachmentRepository.class
com\example\smartcity\ai_orchestrator\entity\AiAuditLog.class
com\example\smartcity\modules\analytics\entity\WardRankingSnapshot.class
com\example\smartcity\modules\feedback\entity\AiAnalysisLog.class
com\example\smartcity\rag\retrieval\HybridRetriever.class
com\example\smartcity\modules\campaign\entity\CampaignComment.class
com\example\smartcity\modules\user\controller\UserController.class
com\example\smartcity\modules\campaign\dto\CampaignJoinRequest.class
com\example\smartcity\ai_orchestrator\adapter\DeepSeekAdapter.class
com\example\smartcity\modules\auth\repository\EmailVerificationRepository.class
com\example\smartcity\modules\police\dto\RequestMoreInfoRequest.class
com\example\smartcity\security\jwt\JwtTokenProvider.class
com\example\smartcity\modules\analytics\AnalyticsController$MonthlyTrend.class
com\example\smartcity\modules\news\dto\NewsRequestDTO.class
com\example\smartcity\security\CorsConfig.class
com\example\smartcity\modules\user\repository\UserRepository.class
com\example\smartcity\modules\feedback\service\FeedbackService$1.class
com\example\smartcity\common\exception\ResourceNotFoundException.class
com\example\smartcity\modules\campaign\dto\CampaignAppealReviewRequest$CampaignAppealReviewRequestBuilder.class
com\example\smartcity\modules\notification\dto\NotificationDTO$NotificationDTOBuilder.class
com\example\smartcity\common\base\BaseService.class
com\example\smartcity\rag\model\RetrievalMeta.class
com\example\smartcity\ai_orchestrator\controller\AiController.class
com\example\smartcity\rag\model\DocumentChunk$DocumentChunkBuilder.class
com\example\smartcity\ai_orchestrator\cache\AiSessionManager.class
com\example\smartcity\modules\campaign\dto\CampaignFeedbackResponse.class
com\example\smartcity\modules\feedback\entity\AiAnalysis$AiAnalysisBuilder.class
com\example\smartcity\modules\feedback\mapper\FeedbackMapperImpl.class
com\example\smartcity\modules\campaign\entity\CampaignChatMessage.class
com\example\smartcity\modules\campaign\dto\CampaignParticipantResponse$CampaignParticipantResponseBuilder.class
com\example\smartcity\modules\analytics\AnalyticsController$1.class
com\example\smartcity\modules\feedback\entity\Attachment.class
com\example\smartcity\modules\police\service\PoliceFeedbackService.class
com\example\smartcity\modules\campaign\entity\Campaign.class
com\example\smartcity\modules\permission\entity\UserPermission.class
com\example\smartcity\modules\police\dto\HotspotResponse.class
com\example\smartcity\rag\ingestion\DocumentIngestionPipeline.class
com\example\smartcity\modules\analytics\dto\WardDetailResponse$AchievementDto.class
com\example\smartcity\config\WebClientConfig.class
com\example\smartcity\modules\feedback\dto\FeedbackLogResponse.class
com\example\smartcity\modules\campaign\dto\CampaignChatMessageResponse.class
com\example\smartcity\modules\campaign\service\CampaignAppealServiceImpl.class
com\example\smartcity\modules\feedback\service\AutoDispatchService$AiAnalysisResult.class
com\example\smartcity\modules\feedback\controller\FeedbackController.class
com\example\smartcity\modules\police\dto\SubmitFeedbackResultRequest.class
com\example\smartcity\modules\user\entity\UserWarning.class
com\example\smartcity\rag\exception\NoContextFoundException.class
com\example\smartcity\modules\campaign\service\CampaignIngestionService.class
com\example\smartcity\security\CustomUserDetailsService.class
com\example\smartcity\common\base\BaseEntity.class
com\example\smartcity\modules\campaign\dto\CampaignMessageRequest.class
com\example\smartcity\modules\file\FileController.class
com\example\smartcity\modules\permission\repository\PermissionRepository.class
com\example\smartcity\modules\news\dto\NewsRequestDTO$NewsRequestDTOBuilder.class
com\example\smartcity\modules\campaign\entity\CampaignFeedback.class
com\example\smartcity\modules\file\FileController$UploadResponse.class
com\example\smartcity\modules\chatbot\repository\ChatHistoryRepository.class
com\example\smartcity\modules\notification\dto\NotificationDTO.class
com\example\smartcity\modules\auth\entity\SmsVerification.class
com\example\smartcity\config\CacheConfig.class
com\example\smartcity\modules\campaign\dto\CampaignCommentResponse$CampaignCommentResponseBuilder.class
com\example\smartcity\modules\permission\repository\UserPermissionRepository.class
com\example\smartcity\modules\warning\entity\RegionalWarning.class
com\example\smartcity\config\WebSocketConfig.class
com\example\smartcity\modules\feedback\dto\CitizenFeedbackMediaResponse$CitizenFeedbackMediaResponseBuilder.class
com\example\smartcity\modules\core\entity\Ward.class
com\example\smartcity\modules\analytics\AnalyticsController$WardPerformance.class
com\example\smartcity\modules\feedback\mapper\CategoryMapperImpl.class
com\example\smartcity\modules\chatbot\entity\KnowledgeBase$KnowledgeBaseBuilder.class
com\example\smartcity\rag\generation\HybridRagOrchestrator.class
com\example\smartcity\modules\campaign\entity\CampaignParticipant.class
com\example\smartcity\modules\feedback\service\AutoDispatchService$4.class
com\example\smartcity\modules\auth\payload\FirebaseLoginRequest.class
com\example\smartcity\modules\news\controller\NewsController.class
com\example\smartcity\modules\chatbot\entity\ChatHistory$ChatHistoryBuilder.class
com\example\smartcity\rag\ingestion\SemanticChunker.class
com\example\smartcity\modules\analytics\AnalyticsController$KpiResponse.class
com\example\smartcity\modules\feedback\repository\AiAnalysisLogRepository.class
com\example\smartcity\modules\permission\entity\WardAssignment.class
com\example\smartcity\modules\user\mapper\UserMapperImpl.class
com\example\smartcity\modules\feedback\repository\FeedbackLogRepository.class
com\example\smartcity\modules\news\entity\News$NewsBuilder.class
com\example\smartcity\ai_orchestrator\metrics\OrchestratorMetrics.class
com\example\smartcity\modules\campaign\dto\CampaignChatRoomResponse$CampaignChatRoomResponseBuilder.class
com\example\smartcity\security\secrets\KubernetesSecretsProvider.class
com\example\smartcity\modules\feedback\service\AutoDispatchService$3.class
com\example\smartcity\modules\notification\WebSocketNotificationService.class
com\example\smartcity\modules\auth\payload\TokenPairResponse.class
com\example\smartcity\modules\feedback\entity\FeedbackLog.class
com\example\smartcity\ai_orchestrator\pool\GroqKeyPool.class
com\example\smartcity\common\exception\CustomException.class
com\example\smartcity\modules\feedback\mapper\FeedbackMapper.class
com\example\smartcity\ai_orchestrator\entity\AiAuditLog$AiAuditLogBuilder.class
com\example\smartcity\modules\news\dto\NewsResponseDTO.class
com\example\smartcity\modules\permission\repository\WardAssignmentRepository.class
com\example\smartcity\common\base\BaseGenericController.class
com\example\smartcity\modules\analytics\WardRankingController.class
com\example\smartcity\modules\notification\WebSocketNotificationService$NotificationPayload.class
com\example\smartcity\modules\user\dto\UserDTO.class
com\example\smartcity\modules\campaign\dto\CampaignAppealRequest$CampaignAppealRequestBuilder.class
com\example\smartcity\modules\feedback\service\AutoDispatchService$2.class
com\example\smartcity\modules\campaign\dto\CampaignParticipantResponse.class
com\example\smartcity\modules\feedback\service\SupabaseStorageService.class
com\example\smartcity\security\ratelimit\AuthRateLimiter$SlidingWindowBucket.class
com\example\smartcity\modules\feedback\entity\FeedbackEvaluation$FeedbackEvaluationBuilder.class
com\example\smartcity\modules\auth\payload\request\SmsSendRequest.class
com\example\smartcity\modules\campaign\entity\CampaignAppeal$CampaignAppealBuilder.class
com\example\smartcity\modules\feedback\dto\FeedbackAttachmentResponse$FeedbackAttachmentResponseBuilder.class
com\example\smartcity\ai_orchestrator\validation\AiValidationException.class
com\example\smartcity\common\security\AttributeEncryptor.class
com\example\smartcity\modules\feedback\entity\FeedbackStatus.class
com\example\smartcity\modules\analytics\job\WardRankingJob.class
com\example\smartcity\modules\campaign\job\CampaignScheduler.class
com\example\smartcity\modules\feedback\dto\CategoryDTO.class
com\example\smartcity\modules\auth\service\FirebaseService.class
com\example\smartcity\modules\auth\payload\TokenPairResponse$TokenPairResponseBuilder.class
com\example\smartcity\rag\model\DocumentChunk$PermissionLevel.class
com\example\smartcity\modules\campaign\dto\CampaignAppealRequest.class
com\example\smartcity\modules\campaign\dto\CampaignChatRoomResponse.class
com\example\smartcity\modules\news\repository\NewsRepository.class
com\example\smartcity\modules\feedback\entity\AiAnalysisLog$AiAnalysisLogBuilder.class
com\example\smartcity\common\config\AiAsyncConfig.class
com\example\smartcity\ai_orchestrator\validation\OutputValidator.class
com\example\smartcity\ai_orchestrator\pool\GroqKeyPool$KeyStatus.class
com\example\smartcity\modules\chatbot\service\ChatbotService.class
com\example\smartcity\modules\feedback\dto\FeedbackResponse.class
com\example\smartcity\modules\user\repository\UserWarningRepository.class
com\example\smartcity\modules\auth\entity\SmsVerification$SmsVerificationBuilder.class
com\example\smartcity\common\config\AiAsyncConfig$1.class
com\example\smartcity\modules\auth\entity\MfaSession.class
com\example\smartcity\rag\model\HybridRetrievalResult.class
com\example\smartcity\modules\auth\payload\AuthResponse$AuthResponseBuilder.class
com\example\smartcity\security\SecurityConfig.class
com\example\smartcity\modules\feedback\mapper\CategoryMapper.class
com\example\smartcity\ai_orchestrator\pool\GeminiKeyPool$KeyEntry.class
com\example\smartcity\modules\news\entity\News.class
com\example\smartcity\ai_orchestrator\adapter\AiProviderAdapter.class
com\example\smartcity\modules\police\controller\PoliceFeedbackController.class
com\example\smartcity\modules\feedback\service\FeedbackService.class
com\example\smartcity\modules\campaign\controller\CampaignAppealController.class
com\example\smartcity\modules\campaign\service\CampaignService.class
com\example\smartcity\modules\campaign\entity\Campaign$CampaignBuilder.class
com\example\smartcity\modules\feedback\dto\StatusOptionResponse$StatusOptionResponseBuilder.class
com\example\smartcity\modules\feedback\dto\CitizenFeedbackMediaRequest$CitizenFeedbackMediaRequestBuilder.class
com\example\smartcity\modules\user\entity\User.class
com\example\smartcity\common\response\ApiResponse$ApiResponseBuilder.class
com\example\smartcity\modules\feedback\dto\StatusOptionResponse.class
com\example\smartcity\modules\campaign\dto\CampaignFeedbackRequest.class
