D:\FPT\ki5\SWP302\swp391-su26-ai-audit-project-swp391_se20a11_group-05\Sources\Backend\src\main\java\com\example\smartcity\ai_orchestrator\adapter\AiProviderAdapter.java
D:\FPT\ki5\SWP302\swp391-su26-ai-audit-project-swp391_se20a11_group-05\Sources\Backend\src\main\java\com\example\smartcity\ai_orchestrator\adapter\DeepSeekAdapter.java
D:\FPT\ki5\SWP302\swp391-su26-ai-audit-project-swp391_se20a11_group-05\Sources\Backend\src\main\java\com\example\smartcity\ai_orchestrator\adapter\GeminiAdapter.java
D:\FPT\ki5\SWP302\swp391-su26-ai-audit-project-swp391_se20a11_group-05\Sources\Backend\src\main\java\com\example\smartcity\ai_orchestrator\adapter\GroqAdapter.java
D:\FPT\ki5\SWP302\swp391-su26-ai-audit-project-swp391_se20a11_group-05\Sources\Backend\src\main\java\com\example\smartcity\ai_orchestrator\cache\AiSessionManager.java
D:\FPT\ki5\SWP302\swp391-su26-ai-audit-project-swp391_se20a11_group-05\Sources\Backend\src\main\java\com\example\smartcity\ai_orchestrator\cache\SemanticCacheService.java
D:\FPT\ki5\SWP302\swp391-su26-ai-audit-project-swp391_se20a11_group-05\Sources\Backend\src\main\java\com\example\smartcity\ai_orchestrator\controller\AiController.java
D:\FPT\ki5\SWP302\swp391-su26-ai-audit-project-swp391_se20a11_group-05\Sources\Backend\src\main\java\com\example\smartcity\ai_orchestrator\entity\AiAuditLog.java
D:\FPT\ki5\SWP302\swp391-su26-ai-audit-project-swp391_se20a11_group-05\Sources\Backend\src\main\java\com\example\smartcity\ai_orchestrator\entity\SemanticCache.java
D:\FPT\ki5\SWP302\swp391-su26-ai-audit-project-swp391_se20a11_group-05\Sources\Backend\src\main\java\com\example\smartcity\ai_orchestrator\guardrails\ContentGuardrailService.java
D:\FPT\ki5\SWP302\swp391-su26-ai-audit-project-swp391_se20a11_group-05\Sources\Backend\src\main\java\com\example\smartcity\ai_orchestrator\metrics\OrchestratorMetrics.java
D:\FPT\ki5\SWP302\swp391-su26-ai-audit-project-swp391_se20a11_group-05\Sources\Backend\src\main\java\com\example\smartcity\ai_orchestrator\pool\GeminiKeyPool.java
D:\FPT\ki5\SWP302\swp391-su26-ai-audit-project-swp391_se20a11_group-05\Sources\Backend\src\main\java\com\example\smartcity\ai_orchestrator\pool\GroqKeyPool.java
D:\FPT\ki5\SWP302\swp391-su26-ai-audit-project-swp391_se20a11_group-05\Sources\Backend\src\main\java\com\example\smartcity\ai_orchestrator\racing\RaceResult.java
D:\FPT\ki5\SWP302\swp391-su26-ai-audit-project-swp391_se20a11_group-05\Sources\Backend\src\main\java\com\example\smartcity\ai_orchestrator\racing\SpeculativeRacingService.java
D:\FPT\ki5\SWP302\swp391-su26-ai-audit-project-swp391_se20a11_group-05\Sources\Backend\src\main\java\com\example\smartcity\ai_orchestrator\router\AiRouterService.java
D:\FPT\ki5\SWP302\swp391-su26-ai-audit-project-swp391_se20a11_group-05\Sources\Backend\src\main\java\com\example\smartcity\ai_orchestrator\security\AdminApiKeyFilter.java
D:\FPT\ki5\SWP302\swp391-su26-ai-audit-project-swp391_se20a11_group-05\Sources\Backend\src\main\java\com\example\smartcity\ai_orchestrator\security\TokenManagerService.java
D:\FPT\ki5\SWP302\swp391-su26-ai-audit-project-swp391_se20a11_group-05\Sources\Backend\src\main\java\com\example\smartcity\ai_orchestrator\validation\AiValidationException.java
D:\FPT\ki5\SWP302\swp391-su26-ai-audit-project-swp391_se20a11_group-05\Sources\Backend\src\main\java\com\example\smartcity\ai_orchestrator\validation\OutputValidator.java
D:\FPT\ki5\SWP302\swp391-su26-ai-audit-project-swp391_se20a11_group-05\Sources\Backend\src\main\java\com\example\smartcity\common\base\BaseEntity.java
D:\FPT\ki5\SWP302\swp391-su26-ai-audit-project-swp391_se20a11_group-05\Sources\Backend\src\main\java\com\example\smartcity\common\base\BaseGenericController.java
D:\FPT\ki5\SWP302\swp391-su26-ai-audit-project-swp391_se20a11_group-05\Sources\Backend\src\main\java\com\example\smartcity\common\base\BaseMapper.java
D:\FPT\ki5\SWP302\swp391-su26-ai-audit-project-swp391_se20a11_group-05\Sources\Backend\src\main\java\com\example\smartcity\common\base\BaseRepository.java
D:\FPT\ki5\SWP302\swp391-su26-ai-audit-project-swp391_se20a11_group-05\Sources\Backend\src\main\java\com\example\smartcity\common\base\BaseService.java
D:\FPT\ki5\SWP302\swp391-su26-ai-audit-project-swp391_se20a11_group-05\Sources\Backend\src\main\java\com\example\smartcity\common\base\BaseServiceImpl.java
D:\FPT\ki5\SWP302\swp391-su26-ai-audit-project-swp391_se20a11_group-05\Sources\Backend\src\main\java\com\example\smartcity\common\config\AiAsyncConfig.java
D:\FPT\ki5\SWP302\swp391-su26-ai-audit-project-swp391_se20a11_group-05\Sources\Backend\src\main\java\com\example\smartcity\common\config\DataInitializer.java
D:\FPT\ki5\SWP302\swp391-su26-ai-audit-project-swp391_se20a11_group-05\Sources\Backend\src\main\java\com\example\smartcity\common\config\PostgresExtensionInitializer.java
D:\FPT\ki5\SWP302\swp391-su26-ai-audit-project-swp391_se20a11_group-05\Sources\Backend\src\main\java\com\example\smartcity\common\config\VectorConverter.java
D:\FPT\ki5\SWP302\swp391-su26-ai-audit-project-swp391_se20a11_group-05\Sources\Backend\src\main\java\com\example\smartcity\common\exception\CustomException.java
D:\FPT\ki5\SWP302\swp391-su26-ai-audit-project-swp391_se20a11_group-05\Sources\Backend\src\main\java\com\example\smartcity\common\exception\GlobalExceptionHandler.java
D:\FPT\ki5\SWP302\swp391-su26-ai-audit-project-swp391_se20a11_group-05\Sources\Backend\src\main\java\com\example\smartcity\common\exception\ResourceNotFoundException.java
D:\FPT\ki5\SWP302\swp391-su26-ai-audit-project-swp391_se20a11_group-05\Sources\Backend\src\main\java\com\example\smartcity\common\logging\RequestIdFilter.java
D:\FPT\ki5\SWP302\swp391-su26-ai-audit-project-swp391_se20a11_group-05\Sources\Backend\src\main\java\com\example\smartcity\common\response\ApiResponse.java
D:\FPT\ki5\SWP302\swp391-su26-ai-audit-project-swp391_se20a11_group-05\Sources\Backend\src\main\java\com\example\smartcity\common\security\AttributeEncryptor.java
D:\FPT\ki5\SWP302\swp391-su26-ai-audit-project-swp391_se20a11_group-05\Sources\Backend\src\main\java\com\example\smartcity\config\CacheConfig.java
D:\FPT\ki5\SWP302\swp391-su26-ai-audit-project-swp391_se20a11_group-05\Sources\Backend\src\main\java\com\example\smartcity\config\WebClientConfig.java
D:\FPT\ki5\SWP302\swp391-su26-ai-audit-project-swp391_se20a11_group-05\Sources\Backend\src\main\java\com\example\smartcity\config\WebSocketConfig.java
D:\FPT\ki5\SWP302\swp391-su26-ai-audit-project-swp391_se20a11_group-05\Sources\Backend\src\main\java\com\example\smartcity\modules\analytics\AnalyticsController.java
D:\FPT\ki5\SWP302\swp391-su26-ai-audit-project-swp391_se20a11_group-05\Sources\Backend\src\main\java\com\example\smartcity\modules\analytics\DashboardController.java
D:\FPT\ki5\SWP302\swp391-su26-ai-audit-project-swp391_se20a11_group-05\Sources\Backend\src\main\java\com\example\smartcity\modules\analytics\dto\WardDetailResponse.java
D:\FPT\ki5\SWP302\swp391-su26-ai-audit-project-swp391_se20a11_group-05\Sources\Backend\src\main\java\com\example\smartcity\modules\analytics\dto\WardRankingResponse.java
D:\FPT\ki5\SWP302\swp391-su26-ai-audit-project-swp391_se20a11_group-05\Sources\Backend\src\main\java\com\example\smartcity\modules\analytics\entity\DashboardStats.java
D:\FPT\ki5\SWP302\swp391-su26-ai-audit-project-swp391_se20a11_group-05\Sources\Backend\src\main\java\com\example\smartcity\modules\analytics\entity\KpiReport.java
D:\FPT\ki5\SWP302\swp391-su26-ai-audit-project-swp391_se20a11_group-05\Sources\Backend\src\main\java\com\example\smartcity\modules\analytics\entity\WardAchievement.java
D:\FPT\ki5\SWP302\swp391-su26-ai-audit-project-swp391_se20a11_group-05\Sources\Backend\src\main\java\com\example\smartcity\modules\analytics\entity\WardRankingSnapshot.java
D:\FPT\ki5\SWP302\swp391-su26-ai-audit-project-swp391_se20a11_group-05\Sources\Backend\src\main\java\com\example\smartcity\modules\analytics\job\WardRankingJob.java
D:\FPT\ki5\SWP302\swp391-su26-ai-audit-project-swp391_se20a11_group-05\Sources\Backend\src\main\java\com\example\smartcity\modules\analytics\repository\WardAchievementRepository.java
D:\FPT\ki5\SWP302\swp391-su26-ai-audit-project-swp391_se20a11_group-05\Sources\Backend\src\main\java\com\example\smartcity\modules\analytics\repository\WardRankingSnapshotRepository.java
D:\FPT\ki5\SWP302\swp391-su26-ai-audit-project-swp391_se20a11_group-05\Sources\Backend\src\main\java\com\example\smartcity\modules\analytics\service\WardRankingService.java
D:\FPT\ki5\SWP302\swp391-su26-ai-audit-project-swp391_se20a11_group-05\Sources\Backend\src\main\java\com\example\smartcity\modules\analytics\WardRankingController.java
D:\FPT\ki5\SWP302\swp391-su26-ai-audit-project-swp391_se20a11_group-05\Sources\Backend\src\main\java\com\example\smartcity\modules\auth\controller\AuthController.java
D:\FPT\ki5\SWP302\swp391-su26-ai-audit-project-swp391_se20a11_group-05\Sources\Backend\src\main\java\com\example\smartcity\modules\auth\entity\EmailVerification.java
D:\FPT\ki5\SWP302\swp391-su26-ai-audit-project-swp391_se20a11_group-05\Sources\Backend\src\main\java\com\example\smartcity\modules\auth\entity\MfaSession.java
D:\FPT\ki5\SWP302\swp391-su26-ai-audit-project-swp391_se20a11_group-05\Sources\Backend\src\main\java\com\example\smartcity\modules\auth\entity\RefreshToken.java
D:\FPT\ki5\SWP302\swp391-su26-ai-audit-project-swp391_se20a11_group-05\Sources\Backend\src\main\java\com\example\smartcity\modules\auth\entity\SmsVerification.java
D:\FPT\ki5\SWP302\swp391-su26-ai-audit-project-swp391_se20a11_group-05\Sources\Backend\src\main\java\com\example\smartcity\modules\auth\job\OtpCleanupScheduler.java
D:\FPT\ki5\SWP302\swp391-su26-ai-audit-project-swp391_se20a11_group-05\Sources\Backend\src\main\java\com\example\smartcity\modules\auth\payload\AuthResponse.java
D:\FPT\ki5\SWP302\swp391-su26-ai-audit-project-swp391_se20a11_group-05\Sources\Backend\src\main\java\com\example\smartcity\modules\auth\payload\FirebaseLoginRequest.java
D:\FPT\ki5\SWP302\swp391-su26-ai-audit-project-swp391_se20a11_group-05\Sources\Backend\src\main\java\com\example\smartcity\modules\auth\payload\ForgotPasswordRequest.java
D:\FPT\ki5\SWP302\swp391-su26-ai-audit-project-swp391_se20a11_group-05\Sources\Backend\src\main\java\com\example\smartcity\modules\auth\payload\LoginRequest.java
D:\FPT\ki5\SWP302\swp391-su26-ai-audit-project-swp391_se20a11_group-05\Sources\Backend\src\main\java\com\example\smartcity\modules\auth\payload\MfaVerificationRequest.java
D:\FPT\ki5\SWP302\swp391-su26-ai-audit-project-swp391_se20a11_group-05\Sources\Backend\src\main\java\com\example\smartcity\modules\auth\payload\RegisterRequest.java
D:\FPT\ki5\SWP302\swp391-su26-ai-audit-project-swp391_se20a11_group-05\Sources\Backend\src\main\java\com\example\smartcity\modules\auth\payload\request\RefreshTokenRequest.java
D:\FPT\ki5\SWP302\swp391-su26-ai-audit-project-swp391_se20a11_group-05\Sources\Backend\src\main\java\com\example\smartcity\modules\auth\payload\request\SmsSendRequest.java
D:\FPT\ki5\SWP302\swp391-su26-ai-audit-project-swp391_se20a11_group-05\Sources\Backend\src\main\java\com\example\smartcity\modules\auth\payload\request\SmsVerifyRequest.java
D:\FPT\ki5\SWP302\swp391-su26-ai-audit-project-swp391_se20a11_group-05\Sources\Backend\src\main\java\com\example\smartcity\modules\auth\payload\TokenPairResponse.java
D:\FPT\ki5\SWP302\swp391-su26-ai-audit-project-swp391_se20a11_group-05\Sources\Backend\src\main\java\com\example\smartcity\modules\auth\payload\TokenResponse.java
D:\FPT\ki5\SWP302\swp391-su26-ai-audit-project-swp391_se20a11_group-05\Sources\Backend\src\main\java\com\example\smartcity\modules\auth\repository\EmailVerificationRepository.java
D:\FPT\ki5\SWP302\swp391-su26-ai-audit-project-swp391_se20a11_group-05\Sources\Backend\src\main\java\com\example\smartcity\modules\auth\repository\RefreshTokenRepository.java
D:\FPT\ki5\SWP302\swp391-su26-ai-audit-project-swp391_se20a11_group-05\Sources\Backend\src\main\java\com\example\smartcity\modules\auth\repository\SmsVerificationRepository.java
D:\FPT\ki5\SWP302\swp391-su26-ai-audit-project-swp391_se20a11_group-05\Sources\Backend\src\main\java\com\example\smartcity\modules\auth\service\AuthService.java
D:\FPT\ki5\SWP302\swp391-su26-ai-audit-project-swp391_se20a11_group-05\Sources\Backend\src\main\java\com\example\smartcity\modules\auth\service\EmailOtpService.java
D:\FPT\ki5\SWP302\swp391-su26-ai-audit-project-swp391_se20a11_group-05\Sources\Backend\src\main\java\com\example\smartcity\modules\auth\service\FirebaseService.java
D:\FPT\ki5\SWP302\swp391-su26-ai-audit-project-swp391_se20a11_group-05\Sources\Backend\src\main\java\com\example\smartcity\modules\auth\service\MfaService.java
D:\FPT\ki5\SWP302\swp391-su26-ai-audit-project-swp391_se20a11_group-05\Sources\Backend\src\main\java\com\example\smartcity\modules\auth\service\MfaSessionService.java
D:\FPT\ki5\SWP302\swp391-su26-ai-audit-project-swp391_se20a11_group-05\Sources\Backend\src\main\java\com\example\smartcity\modules\auth\service\RefreshTokenService.java
D:\FPT\ki5\SWP302\swp391-su26-ai-audit-project-swp391_se20a11_group-05\Sources\Backend\src\main\java\com\example\smartcity\modules\auth\service\SmsService.java
D:\FPT\ki5\SWP302\swp391-su26-ai-audit-project-swp391_se20a11_group-05\Sources\Backend\src\main\java\com\example\smartcity\modules\campaign\controller\CampaignAppealController.java
D:\FPT\ki5\SWP302\swp391-su26-ai-audit-project-swp391_se20a11_group-05\Sources\Backend\src\main\java\com\example\smartcity\modules\campaign\controller\CampaignController.java
D:\FPT\ki5\SWP302\swp391-su26-ai-audit-project-swp391_se20a11_group-05\Sources\Backend\src\main\java\com\example\smartcity\modules\campaign\dto\AttendanceBulkRequest.java
D:\FPT\ki5\SWP302\swp391-su26-ai-audit-project-swp391_se20a11_group-05\Sources\Backend\src\main\java\com\example\smartcity\modules\campaign\dto\CampaignActionRequest.java
D:\FPT\ki5\SWP302\swp391-su26-ai-audit-project-swp391_se20a11_group-05\Sources\Backend\src\main\java\com\example\smartcity\modules\campaign\dto\CampaignAppealRequest.java
D:\FPT\ki5\SWP302\swp391-su26-ai-audit-project-swp391_se20a11_group-05\Sources\Backend\src\main\java\com\example\smartcity\modules\campaign\dto\CampaignAppealResponse.java
D:\FPT\ki5\SWP302\swp391-su26-ai-audit-project-swp391_se20a11_group-05\Sources\Backend\src\main\java\com\example\smartcity\modules\campaign\dto\CampaignAppealReviewRequest.java
D:\FPT\ki5\SWP302\swp391-su26-ai-audit-project-swp391_se20a11_group-05\Sources\Backend\src\main\java\com\example\smartcity\modules\campaign\dto\CampaignBatchApproveRequest.java
D:\FPT\ki5\SWP302\swp391-su26-ai-audit-project-swp391_se20a11_group-05\Sources\Backend\src\main\java\com\example\smartcity\modules\campaign\dto\CampaignChatMessageResponse.java
D:\FPT\ki5\SWP302\swp391-su26-ai-audit-project-swp391_se20a11_group-05\Sources\Backend\src\main\java\com\example\smartcity\modules\campaign\dto\CampaignChatRoomResponse.java
D:\FPT\ki5\SWP302\swp391-su26-ai-audit-project-swp391_se20a11_group-05\Sources\Backend\src\main\java\com\example\smartcity\modules\campaign\dto\CampaignCommentResponse.java
D:\FPT\ki5\SWP302\swp391-su26-ai-audit-project-swp391_se20a11_group-05\Sources\Backend\src\main\java\com\example\smartcity\modules\campaign\dto\CampaignFeedbackRequest.java
D:\FPT\ki5\SWP302\swp391-su26-ai-audit-project-swp391_se20a11_group-05\Sources\Backend\src\main\java\com\example\smartcity\modules\campaign\dto\CampaignFeedbackResponse.java
D:\FPT\ki5\SWP302\swp391-su26-ai-audit-project-swp391_se20a11_group-05\Sources\Backend\src\main\java\com\example\smartcity\modules\campaign\dto\CampaignJoinRequest.java
D:\FPT\ki5\SWP302\swp391-su26-ai-audit-project-swp391_se20a11_group-05\Sources\Backend\src\main\java\com\example\smartcity\modules\campaign\dto\CampaignMessageRequest.java
D:\FPT\ki5\SWP302\swp391-su26-ai-audit-project-swp391_se20a11_group-05\Sources\Backend\src\main\java\com\example\smartcity\modules\campaign\dto\CampaignParticipantResponse.java
D:\FPT\ki5\SWP302\swp391-su26-ai-audit-project-swp391_se20a11_group-05\Sources\Backend\src\main\java\com\example\smartcity\modules\campaign\dto\CampaignRequest.java
D:\FPT\ki5\SWP302\swp391-su26-ai-audit-project-swp391_se20a11_group-05\Sources\Backend\src\main\java\com\example\smartcity\modules\campaign\dto\CampaignResponse.java
D:\FPT\ki5\SWP302\swp391-su26-ai-audit-project-swp391_se20a11_group-05\Sources\Backend\src\main\java\com\example\smartcity\modules\campaign\entity\Campaign.java
D:\FPT\ki5\SWP302\swp391-su26-ai-audit-project-swp391_se20a11_group-05\Sources\Backend\src\main\java\com\example\smartcity\modules\campaign\entity\CampaignAppeal.java
D:\FPT\ki5\SWP302\swp391-su26-ai-audit-project-swp391_se20a11_group-05\Sources\Backend\src\main\java\com\example\smartcity\modules\campaign\entity\CampaignChatMessage.java
D:\FPT\ki5\SWP302\swp391-su26-ai-audit-project-swp391_se20a11_group-05\Sources\Backend\src\main\java\com\example\smartcity\modules\campaign\entity\CampaignComment.java
D:\FPT\ki5\SWP302\swp391-su26-ai-audit-project-swp391_se20a11_group-05\Sources\Backend\src\main\java\com\example\smartcity\modules\campaign\entity\CampaignFeedback.java
D:\FPT\ki5\SWP302\swp391-su26-ai-audit-project-swp391_se20a11_group-05\Sources\Backend\src\main\java\com\example\smartcity\modules\campaign\entity\CampaignParticipant.java
D:\FPT\ki5\SWP302\swp391-su26-ai-audit-project-swp391_se20a11_group-05\Sources\Backend\src\main\java\com\example\smartcity\modules\campaign\job\CampaignScheduler.java
D:\FPT\ki5\SWP302\swp391-su26-ai-audit-project-swp391_se20a11_group-05\Sources\Backend\src\main\java\com\example\smartcity\modules\campaign\job\CampaignStatusCleanupRunner.java
D:\FPT\ki5\SWP302\swp391-su26-ai-audit-project-swp391_se20a11_group-05\Sources\Backend\src\main\java\com\example\smartcity\modules\campaign\repository\CampaignAppealRepository.java
D:\FPT\ki5\SWP302\swp391-su26-ai-audit-project-swp391_se20a11_group-05\Sources\Backend\src\main\java\com\example\smartcity\modules\campaign\repository\CampaignChatMessageRepository.java
D:\FPT\ki5\SWP302\swp391-su26-ai-audit-project-swp391_se20a11_group-05\Sources\Backend\src\main\java\com\example\smartcity\modules\campaign\repository\CampaignCommentRepository.java
D:\FPT\ki5\SWP302\swp391-su26-ai-audit-project-swp391_se20a11_group-05\Sources\Backend\src\main\java\com\example\smartcity\modules\campaign\repository\CampaignFeedbackRepository.java
D:\FPT\ki5\SWP302\swp391-su26-ai-audit-project-swp391_se20a11_group-05\Sources\Backend\src\main\java\com\example\smartcity\modules\campaign\repository\CampaignParticipantRepository.java
D:\FPT\ki5\SWP302\swp391-su26-ai-audit-project-swp391_se20a11_group-05\Sources\Backend\src\main\java\com\example\smartcity\modules\campaign\repository\CampaignRepository.java
D:\FPT\ki5\SWP302\swp391-su26-ai-audit-project-swp391_se20a11_group-05\Sources\Backend\src\main\java\com\example\smartcity\modules\campaign\service\CampaignAppealService.java
D:\FPT\ki5\SWP302\swp391-su26-ai-audit-project-swp391_se20a11_group-05\Sources\Backend\src\main\java\com\example\smartcity\modules\campaign\service\CampaignAppealServiceImpl.java
D:\FPT\ki5\SWP302\swp391-su26-ai-audit-project-swp391_se20a11_group-05\Sources\Backend\src\main\java\com\example\smartcity\modules\campaign\service\CampaignIngestionService.java
D:\FPT\ki5\SWP302\swp391-su26-ai-audit-project-swp391_se20a11_group-05\Sources\Backend\src\main\java\com\example\smartcity\modules\campaign\service\CampaignService.java
D:\FPT\ki5\SWP302\swp391-su26-ai-audit-project-swp391_se20a11_group-05\Sources\Backend\src\main\java\com\example\smartcity\modules\campaign\service\CampaignServiceImpl.java
D:\FPT\ki5\SWP302\swp391-su26-ai-audit-project-swp391_se20a11_group-05\Sources\Backend\src\main\java\com\example\smartcity\modules\chat\controller\ChatController.java
D:\FPT\ki5\SWP302\swp391-su26-ai-audit-project-swp391_se20a11_group-05\Sources\Backend\src\main\java\com\example\smartcity\modules\chat\dto\ChatRequestDto.java
D:\FPT\ki5\SWP302\swp391-su26-ai-audit-project-swp391_se20a11_group-05\Sources\Backend\src\main\java\com\example\smartcity\modules\chat\service\ChatIntentRouter.java
D:\FPT\ki5\SWP302\swp391-su26-ai-audit-project-swp391_se20a11_group-05\Sources\Backend\src\main\java\com\example\smartcity\modules\chatbot\controller\ChatbotController.java
D:\FPT\ki5\SWP302\swp391-su26-ai-audit-project-swp391_se20a11_group-05\Sources\Backend\src\main\java\com\example\smartcity\modules\chatbot\entity\ChatHistory.java
D:\FPT\ki5\SWP302\swp391-su26-ai-audit-project-swp391_se20a11_group-05\Sources\Backend\src\main\java\com\example\smartcity\modules\chatbot\entity\ChatIntent.java
D:\FPT\ki5\SWP302\swp391-su26-ai-audit-project-swp391_se20a11_group-05\Sources\Backend\src\main\java\com\example\smartcity\modules\chatbot\entity\KnowledgeBase.java
D:\FPT\ki5\SWP302\swp391-su26-ai-audit-project-swp391_se20a11_group-05\Sources\Backend\src\main\java\com\example\smartcity\modules\chatbot\repository\ChatHistoryRepository.java
D:\FPT\ki5\SWP302\swp391-su26-ai-audit-project-swp391_se20a11_group-05\Sources\Backend\src\main\java\com\example\smartcity\modules\chatbot\service\ChatbotService.java
D:\FPT\ki5\SWP302\swp391-su26-ai-audit-project-swp391_se20a11_group-05\Sources\Backend\src\main\java\com\example\smartcity\modules\core\controller\WardController.java
D:\FPT\ki5\SWP302\swp391-su26-ai-audit-project-swp391_se20a11_group-05\Sources\Backend\src\main\java\com\example\smartcity\modules\core\entity\Ward.java
D:\FPT\ki5\SWP302\swp391-su26-ai-audit-project-swp391_se20a11_group-05\Sources\Backend\src\main\java\com\example\smartcity\modules\core\repository\WardRepository.java
D:\FPT\ki5\SWP302\swp391-su26-ai-audit-project-swp391_se20a11_group-05\Sources\Backend\src\main\java\com\example\smartcity\modules\core\service\LocationResolutionService.java
D:\FPT\ki5\SWP302\swp391-su26-ai-audit-project-swp391_se20a11_group-05\Sources\Backend\src\main\java\com\example\smartcity\modules\feedback\controller\CategoryController.java
D:\FPT\ki5\SWP302\swp391-su26-ai-audit-project-swp391_se20a11_group-05\Sources\Backend\src\main\java\com\example\smartcity\modules\feedback\controller\FeedbackController.java
D:\FPT\ki5\SWP302\swp391-su26-ai-audit-project-swp391_se20a11_group-05\Sources\Backend\src\main\java\com\example\smartcity\modules\feedback\controller\FeedbackMediaController.java
D:\FPT\ki5\SWP302\swp391-su26-ai-audit-project-swp391_se20a11_group-05\Sources\Backend\src\main\java\com\example\smartcity\modules\feedback\dto\AssignRequest.java
D:\FPT\ki5\SWP302\swp391-su26-ai-audit-project-swp391_se20a11_group-05\Sources\Backend\src\main\java\com\example\smartcity\modules\feedback\dto\CategoryDTO.java
D:\FPT\ki5\SWP302\swp391-su26-ai-audit-project-swp391_se20a11_group-05\Sources\Backend\src\main\java\com\example\smartcity\modules\feedback\dto\CitizenFeedbackMediaRequest.java
D:\FPT\ki5\SWP302\swp391-su26-ai-audit-project-swp391_se20a11_group-05\Sources\Backend\src\main\java\com\example\smartcity\modules\feedback\dto\CitizenFeedbackMediaResponse.java
D:\FPT\ki5\SWP302\swp391-su26-ai-audit-project-swp391_se20a11_group-05\Sources\Backend\src\main\java\com\example\smartcity\modules\feedback\dto\FeedbackAttachmentResponse.java
D:\FPT\ki5\SWP302\swp391-su26-ai-audit-project-swp391_se20a11_group-05\Sources\Backend\src\main\java\com\example\smartcity\modules\feedback\dto\FeedbackLogResponse.java
D:\FPT\ki5\SWP302\swp391-su26-ai-audit-project-swp391_se20a11_group-05\Sources\Backend\src\main\java\com\example\smartcity\modules\feedback\dto\FeedbackLookupStatsResponse.java
D:\FPT\ki5\SWP302\swp391-su26-ai-audit-project-swp391_se20a11_group-05\Sources\Backend\src\main\java\com\example\smartcity\modules\feedback\dto\FeedbackRequest.java
D:\FPT\ki5\SWP302\swp391-su26-ai-audit-project-swp391_se20a11_group-05\Sources\Backend\src\main\java\com\example\smartcity\modules\feedback\dto\FeedbackResponse.java
D:\FPT\ki5\SWP302\swp391-su26-ai-audit-project-swp391_se20a11_group-05\Sources\Backend\src\main\java\com\example\smartcity\modules\feedback\dto\FeedbackSupplementRequest.java
D:\FPT\ki5\SWP302\swp391-su26-ai-audit-project-swp391_se20a11_group-05\Sources\Backend\src\main\java\com\example\smartcity\modules\feedback\dto\PagedResponse.java
D:\FPT\ki5\SWP302\swp391-su26-ai-audit-project-swp391_se20a11_group-05\Sources\Backend\src\main\java\com\example\smartcity\modules\feedback\dto\StatusChangeRequest.java
D:\FPT\ki5\SWP302\swp391-su26-ai-audit-project-swp391_se20a11_group-05\Sources\Backend\src\main\java\com\example\smartcity\modules\feedback\dto\StatusOptionResponse.java
D:\FPT\ki5\SWP302\swp391-su26-ai-audit-project-swp391_se20a11_group-05\Sources\Backend\src\main\java\com\example\smartcity\modules\feedback\entity\AiAnalysis.java
D:\FPT\ki5\SWP302\swp391-su26-ai-audit-project-swp391_se20a11_group-05\Sources\Backend\src\main\java\com\example\smartcity\modules\feedback\entity\AiAnalysisLog.java
D:\FPT\ki5\SWP302\swp391-su26-ai-audit-project-swp391_se20a11_group-05\Sources\Backend\src\main\java\com\example\smartcity\modules\feedback\entity\AiTask.java
D:\FPT\ki5\SWP302\swp391-su26-ai-audit-project-swp391_se20a11_group-05\Sources\Backend\src\main\java\com\example\smartcity\modules\feedback\entity\Attachment.java
D:\FPT\ki5\SWP302\swp391-su26-ai-audit-project-swp391_se20a11_group-05\Sources\Backend\src\main\java\com\example\smartcity\modules\feedback\entity\Category.java
D:\FPT\ki5\SWP302\swp391-su26-ai-audit-project-swp391_se20a11_group-05\Sources\Backend\src\main\java\com\example\smartcity\modules\feedback\entity\Feedback.java
D:\FPT\ki5\SWP302\swp391-su26-ai-audit-project-swp391_se20a11_group-05\Sources\Backend\src\main\java\com\example\smartcity\modules\feedback\entity\FeedbackEvaluation.java
D:\FPT\ki5\SWP302\swp391-su26-ai-audit-project-swp391_se20a11_group-05\Sources\Backend\src\main\java\com\example\smartcity\modules\feedback\entity\FeedbackLog.java
D:\FPT\ki5\SWP302\swp391-su26-ai-audit-project-swp391_se20a11_group-05\Sources\Backend\src\main\java\com\example\smartcity\modules\feedback\entity\FeedbackStatus.java
D:\FPT\ki5\SWP302\swp391-su26-ai-audit-project-swp391_se20a11_group-05\Sources\Backend\src\main\java\com\example\smartcity\modules\feedback\mapper\CategoryMapper.java
D:\FPT\ki5\SWP302\swp391-su26-ai-audit-project-swp391_se20a11_group-05\Sources\Backend\src\main\java\com\example\smartcity\modules\feedback\mapper\FeedbackMapper.java
D:\FPT\ki5\SWP302\swp391-su26-ai-audit-project-swp391_se20a11_group-05\Sources\Backend\src\main\java\com\example\smartcity\modules\feedback\repository\AiAnalysisLogRepository.java
D:\FPT\ki5\SWP302\swp391-su26-ai-audit-project-swp391_se20a11_group-05\Sources\Backend\src\main\java\com\example\smartcity\modules\feedback\repository\AiTaskRepository.java
D:\FPT\ki5\SWP302\swp391-su26-ai-audit-project-swp391_se20a11_group-05\Sources\Backend\src\main\java\com\example\smartcity\modules\feedback\repository\AttachmentRepository.java
D:\FPT\ki5\SWP302\swp391-su26-ai-audit-project-swp391_se20a11_group-05\Sources\Backend\src\main\java\com\example\smartcity\modules\feedback\repository\CategoryRepository.java
D:\FPT\ki5\SWP302\swp391-su26-ai-audit-project-swp391_se20a11_group-05\Sources\Backend\src\main\java\com\example\smartcity\modules\feedback\repository\FeedbackLogRepository.java
D:\FPT\ki5\SWP302\swp391-su26-ai-audit-project-swp391_se20a11_group-05\Sources\Backend\src\main\java\com\example\smartcity\modules\feedback\repository\FeedbackRepository.java
D:\FPT\ki5\SWP302\swp391-su26-ai-audit-project-swp391_se20a11_group-05\Sources\Backend\src\main\java\com\example\smartcity\modules\feedback\service\AutoDispatchService.java
D:\FPT\ki5\SWP302\swp391-su26-ai-audit-project-swp391_se20a11_group-05\Sources\Backend\src\main\java\com\example\smartcity\modules\feedback\service\CategoryRoutingService.java
D:\FPT\ki5\SWP302\swp391-su26-ai-audit-project-swp391_se20a11_group-05\Sources\Backend\src\main\java\com\example\smartcity\modules\feedback\service\CategoryService.java
D:\FPT\ki5\SWP302\swp391-su26-ai-audit-project-swp391_se20a11_group-05\Sources\Backend\src\main\java\com\example\smartcity\modules\feedback\service\CitizenFeedbackMediaService.java
D:\FPT\ki5\SWP302\swp391-su26-ai-audit-project-swp391_se20a11_group-05\Sources\Backend\src\main\java\com\example\smartcity\modules\feedback\service\FeedbackService.java
D:\FPT\ki5\SWP302\swp391-su26-ai-audit-project-swp391_se20a11_group-05\Sources\Backend\src\main\java\com\example\smartcity\modules\feedback\service\SupabaseStorageService.java
D:\FPT\ki5\SWP302\swp391-su26-ai-audit-project-swp391_se20a11_group-05\Sources\Backend\src\main\java\com\example\smartcity\modules\file\FileController.java
D:\FPT\ki5\SWP302\swp391-su26-ai-audit-project-swp391_se20a11_group-05\Sources\Backend\src\main\java\com\example\smartcity\modules\file\FileStorageService.java
D:\FPT\ki5\SWP302\swp391-su26-ai-audit-project-swp391_se20a11_group-05\Sources\Backend\src\main\java\com\example\smartcity\modules\news\controller\NewsController.java
D:\FPT\ki5\SWP302\swp391-su26-ai-audit-project-swp391_se20a11_group-05\Sources\Backend\src\main\java\com\example\smartcity\modules\news\dto\NewsRequestDTO.java
D:\FPT\ki5\SWP302\swp391-su26-ai-audit-project-swp391_se20a11_group-05\Sources\Backend\src\main\java\com\example\smartcity\modules\news\dto\NewsResponseDTO.java
D:\FPT\ki5\SWP302\swp391-su26-ai-audit-project-swp391_se20a11_group-05\Sources\Backend\src\main\java\com\example\smartcity\modules\news\entity\News.java
D:\FPT\ki5\SWP302\swp391-su26-ai-audit-project-swp391_se20a11_group-05\Sources\Backend\src\main\java\com\example\smartcity\modules\news\repository\NewsRepository.java
D:\FPT\ki5\SWP302\swp391-su26-ai-audit-project-swp391_se20a11_group-05\Sources\Backend\src\main\java\com\example\smartcity\modules\news\service\NewsService.java
D:\FPT\ki5\SWP302\swp391-su26-ai-audit-project-swp391_se20a11_group-05\Sources\Backend\src\main\java\com\example\smartcity\modules\news\service\NewsServiceImpl.java
D:\FPT\ki5\SWP302\swp391-su26-ai-audit-project-swp391_se20a11_group-05\Sources\Backend\src\main\java\com\example\smartcity\modules\notification\controller\NotificationController.java
D:\FPT\ki5\SWP302\swp391-su26-ai-audit-project-swp391_se20a11_group-05\Sources\Backend\src\main\java\com\example\smartcity\modules\notification\dto\NotificationDTO.java
D:\FPT\ki5\SWP302\swp391-su26-ai-audit-project-swp391_se20a11_group-05\Sources\Backend\src\main\java\com\example\smartcity\modules\notification\entity\Notification.java
D:\FPT\ki5\SWP302\swp391-su26-ai-audit-project-swp391_se20a11_group-05\Sources\Backend\src\main\java\com\example\smartcity\modules\notification\mapper\NotificationMapper.java
D:\FPT\ki5\SWP302\swp391-su26-ai-audit-project-swp391_se20a11_group-05\Sources\Backend\src\main\java\com\example\smartcity\modules\notification\repository\NotificationRepository.java
D:\FPT\ki5\SWP302\swp391-su26-ai-audit-project-swp391_se20a11_group-05\Sources\Backend\src\main\java\com\example\smartcity\modules\notification\service\ExternalNotificationService.java
D:\FPT\ki5\SWP302\swp391-su26-ai-audit-project-swp391_se20a11_group-05\Sources\Backend\src\main\java\com\example\smartcity\modules\notification\service\NotificationService.java
D:\FPT\ki5\SWP302\swp391-su26-ai-audit-project-swp391_se20a11_group-05\Sources\Backend\src\main\java\com\example\smartcity\modules\notification\WebSocketNotificationService.java
D:\FPT\ki5\SWP302\swp391-su26-ai-audit-project-swp391_se20a11_group-05\Sources\Backend\src\main\java\com\example\smartcity\modules\permission\dto\PermissionDTO.java
D:\FPT\ki5\SWP302\swp391-su26-ai-audit-project-swp391_se20a11_group-05\Sources\Backend\src\main\java\com\example\smartcity\modules\permission\entity\Permission.java
D:\FPT\ki5\SWP302\swp391-su26-ai-audit-project-swp391_se20a11_group-05\Sources\Backend\src\main\java\com\example\smartcity\modules\permission\entity\PermissionCategory.java
D:\FPT\ki5\SWP302\swp391-su26-ai-audit-project-swp391_se20a11_group-05\Sources\Backend\src\main\java\com\example\smartcity\modules\permission\entity\UserPermission.java
D:\FPT\ki5\SWP302\swp391-su26-ai-audit-project-swp391_se20a11_group-05\Sources\Backend\src\main\java\com\example\smartcity\modules\permission\entity\WardAssignment.java
D:\FPT\ki5\SWP302\swp391-su26-ai-audit-project-swp391_se20a11_group-05\Sources\Backend\src\main\java\com\example\smartcity\modules\permission\repository\PermissionRepository.java
D:\FPT\ki5\SWP302\swp391-su26-ai-audit-project-swp391_se20a11_group-05\Sources\Backend\src\main\java\com\example\smartcity\modules\permission\repository\UserPermissionRepository.java
D:\FPT\ki5\SWP302\swp391-su26-ai-audit-project-swp391_se20a11_group-05\Sources\Backend\src\main\java\com\example\smartcity\modules\permission\repository\WardAssignmentRepository.java
D:\FPT\ki5\SWP302\swp391-su26-ai-audit-project-swp391_se20a11_group-05\Sources\Backend\src\main\java\com\example\smartcity\modules\police\controller\PoliceFeedbackController.java
D:\FPT\ki5\SWP302\swp391-su26-ai-audit-project-swp391_se20a11_group-05\Sources\Backend\src\main\java\com\example\smartcity\modules\police\dto\AiDeduplicationResponse.java
D:\FPT\ki5\SWP302\swp391-su26-ai-audit-project-swp391_se20a11_group-05\Sources\Backend\src\main\java\com\example\smartcity\modules\police\dto\HotspotResponse.java
D:\FPT\ki5\SWP302\swp391-su26-ai-audit-project-swp391_se20a11_group-05\Sources\Backend\src\main\java\com\example\smartcity\modules\police\dto\PoliceFeedbackResponse.java
D:\FPT\ki5\SWP302\swp391-su26-ai-audit-project-swp391_se20a11_group-05\Sources\Backend\src\main\java\com\example\smartcity\modules\police\dto\PoliceUnitRequest.java
D:\FPT\ki5\SWP302\swp391-su26-ai-audit-project-swp391_se20a11_group-05\Sources\Backend\src\main\java\com\example\smartcity\modules\police\dto\PoliceUnitResponse.java
D:\FPT\ki5\SWP302\swp391-su26-ai-audit-project-swp391_se20a11_group-05\Sources\Backend\src\main\java\com\example\smartcity\modules\police\dto\RejectFeedbackRequest.java
D:\FPT\ki5\SWP302\swp391-su26-ai-audit-project-swp391_se20a11_group-05\Sources\Backend\src\main\java\com\example\smartcity\modules\police\dto\RequestMoreInfoRequest.java
D:\FPT\ki5\SWP302\swp391-su26-ai-audit-project-swp391_se20a11_group-05\Sources\Backend\src\main\java\com\example\smartcity\modules\police\dto\SubmitFeedbackResultRequest.java
D:\FPT\ki5\SWP302\swp391-su26-ai-audit-project-swp391_se20a11_group-05\Sources\Backend\src\main\java\com\example\smartcity\modules\police\dto\UpdateFeedbackStatusRequest.java
D:\FPT\ki5\SWP302\swp391-su26-ai-audit-project-swp391_se20a11_group-05\Sources\Backend\src\main\java\com\example\smartcity\modules\police\service\PoliceFeedbackService.java
D:\FPT\ki5\SWP302\swp391-su26-ai-audit-project-swp391_se20a11_group-05\Sources\Backend\src\main\java\com\example\smartcity\modules\user\controller\UserController.java
D:\FPT\ki5\SWP302\swp391-su26-ai-audit-project-swp391_se20a11_group-05\Sources\Backend\src\main\java\com\example\smartcity\modules\user\dto\UserDTO.java
D:\FPT\ki5\SWP302\swp391-su26-ai-audit-project-swp391_se20a11_group-05\Sources\Backend\src\main\java\com\example\smartcity\modules\user\entity\Role.java
D:\FPT\ki5\SWP302\swp391-su26-ai-audit-project-swp391_se20a11_group-05\Sources\Backend\src\main\java\com\example\smartcity\modules\user\entity\User.java
D:\FPT\ki5\SWP302\swp391-su26-ai-audit-project-swp391_se20a11_group-05\Sources\Backend\src\main\java\com\example\smartcity\modules\user\entity\UserWarning.java
D:\FPT\ki5\SWP302\swp391-su26-ai-audit-project-swp391_se20a11_group-05\Sources\Backend\src\main\java\com\example\smartcity\modules\user\mapper\UserMapper.java
D:\FPT\ki5\SWP302\swp391-su26-ai-audit-project-swp391_se20a11_group-05\Sources\Backend\src\main\java\com\example\smartcity\modules\user\repository\UserRepository.java
D:\FPT\ki5\SWP302\swp391-su26-ai-audit-project-swp391_se20a11_group-05\Sources\Backend\src\main\java\com\example\smartcity\modules\user\repository\UserWarningRepository.java
D:\FPT\ki5\SWP302\swp391-su26-ai-audit-project-swp391_se20a11_group-05\Sources\Backend\src\main\java\com\example\smartcity\modules\user\service\UserService.java
D:\FPT\ki5\SWP302\swp391-su26-ai-audit-project-swp391_se20a11_group-05\Sources\Backend\src\main\java\com\example\smartcity\modules\warning\entity\RegionalWarning.java
D:\FPT\ki5\SWP302\swp391-su26-ai-audit-project-swp391_se20a11_group-05\Sources\Backend\src\main\java\com\example\smartcity\rag\controller\RagController.java
D:\FPT\ki5\SWP302\swp391-su26-ai-audit-project-swp391_se20a11_group-05\Sources\Backend\src\main\java\com\example\smartcity\rag\exception\EmbeddingException.java
D:\FPT\ki5\SWP302\swp391-su26-ai-audit-project-swp391_se20a11_group-05\Sources\Backend\src\main\java\com\example\smartcity\rag\exception\NoContextFoundException.java
D:\FPT\ki5\SWP302\swp391-su26-ai-audit-project-swp391_se20a11_group-05\Sources\Backend\src\main\java\com\example\smartcity\rag\exception\RagExceptionHandler.java
D:\FPT\ki5\SWP302\swp391-su26-ai-audit-project-swp391_se20a11_group-05\Sources\Backend\src\main\java\com\example\smartcity\rag\generation\CitationExtractor.java
D:\FPT\ki5\SWP302\swp391-su26-ai-audit-project-swp391_se20a11_group-05\Sources\Backend\src\main\java\com\example\smartcity\rag\generation\HybridRagOrchestrator.java
D:\FPT\ki5\SWP302\swp391-su26-ai-audit-project-swp391_se20a11_group-05\Sources\Backend\src\main\java\com\example\smartcity\rag\generation\LlmExecutionService.java
D:\FPT\ki5\SWP302\swp391-su26-ai-audit-project-swp391_se20a11_group-05\Sources\Backend\src\main\java\com\example\smartcity\rag\generation\QueryTransformer.java
D:\FPT\ki5\SWP302\swp391-su26-ai-audit-project-swp391_se20a11_group-05\Sources\Backend\src\main\java\com\example\smartcity\rag\ingestion\DocumentIndexingListener.java
D:\FPT\ki5\SWP302\swp391-su26-ai-audit-project-swp391_se20a11_group-05\Sources\Backend\src\main\java\com\example\smartcity\rag\ingestion\DocumentIngestionPipeline.java
D:\FPT\ki5\SWP302\swp391-su26-ai-audit-project-swp391_se20a11_group-05\Sources\Backend\src\main\java\com\example\smartcity\rag\ingestion\EmbeddingClientFacade.java
D:\FPT\ki5\SWP302\swp391-su26-ai-audit-project-swp391_se20a11_group-05\Sources\Backend\src\main\java\com\example\smartcity\rag\ingestion\SemanticChunker.java
D:\FPT\ki5\SWP302\swp391-su26-ai-audit-project-swp391_se20a11_group-05\Sources\Backend\src\main\java\com\example\smartcity\rag\metrics\RagMetrics.java
D:\FPT\ki5\SWP302\swp391-su26-ai-audit-project-swp391_se20a11_group-05\Sources\Backend\src\main\java\com\example\smartcity\rag\metrics\TokenCostTracker.java
D:\FPT\ki5\SWP302\swp391-su26-ai-audit-project-swp391_se20a11_group-05\Sources\Backend\src\main\java\com\example\smartcity\rag\model\Citation.java
D:\FPT\ki5\SWP302\swp391-su26-ai-audit-project-swp391_se20a11_group-05\Sources\Backend\src\main\java\com\example\smartcity\rag\model\DocumentChunk.java
D:\FPT\ki5\SWP302\swp391-su26-ai-audit-project-swp391_se20a11_group-05\Sources\Backend\src\main\java\com\example\smartcity\rag\model\DocumentMetadata.java
D:\FPT\ki5\SWP302\swp391-su26-ai-audit-project-swp391_se20a11_group-05\Sources\Backend\src\main\java\com\example\smartcity\rag\model\HybridRetrievalResult.java
D:\FPT\ki5\SWP302\swp391-su26-ai-audit-project-swp391_se20a11_group-05\Sources\Backend\src\main\java\com\example\smartcity\rag\model\RagRequest.java
D:\FPT\ki5\SWP302\swp391-su26-ai-audit-project-swp391_se20a11_group-05\Sources\Backend\src\main\java\com\example\smartcity\rag\model\RagResponse.java
D:\FPT\ki5\SWP302\swp391-su26-ai-audit-project-swp391_se20a11_group-05\Sources\Backend\src\main\java\com\example\smartcity\rag\model\RetrievalMeta.java
D:\FPT\ki5\SWP302\swp391-su26-ai-audit-project-swp391_se20a11_group-05\Sources\Backend\src\main\java\com\example\smartcity\rag\model\RetrievalOptions.java
D:\FPT\ki5\SWP302\swp391-su26-ai-audit-project-swp391_se20a11_group-05\Sources\Backend\src\main\java\com\example\smartcity\rag\repository\DocumentChunkRepository.java
D:\FPT\ki5\SWP302\swp391-su26-ai-audit-project-swp391_se20a11_group-05\Sources\Backend\src\main\java\com\example\smartcity\rag\retrieval\BM25Retriever.java
D:\FPT\ki5\SWP302\swp391-su26-ai-audit-project-swp391_se20a11_group-05\Sources\Backend\src\main\java\com\example\smartcity\rag\retrieval\ContextCompressor.java
D:\FPT\ki5\SWP302\swp391-su26-ai-audit-project-swp391_se20a11_group-05\Sources\Backend\src\main\java\com\example\smartcity\rag\retrieval\HybridRetriever.java
D:\FPT\ki5\SWP302\swp391-su26-ai-audit-project-swp391_se20a11_group-05\Sources\Backend\src\main\java\com\example\smartcity\rag\retrieval\RrfFusionService.java
D:\FPT\ki5\SWP302\swp391-su26-ai-audit-project-swp391_se20a11_group-05\Sources\Backend\src\main\java\com\example\smartcity\rag\retrieval\VectorRetriever.java
D:\FPT\ki5\SWP302\swp391-su26-ai-audit-project-swp391_se20a11_group-05\Sources\Backend\src\main\java\com\example\smartcity\rag\selfrag\SelfRagService.java
D:\FPT\ki5\SWP302\swp391-su26-ai-audit-project-swp391_se20a11_group-05\Sources\Backend\src\main\java\com\example\smartcity\security\CorsConfig.java
D:\FPT\ki5\SWP302\swp391-su26-ai-audit-project-swp391_se20a11_group-05\Sources\Backend\src\main\java\com\example\smartcity\security\CustomUserDetailsService.java
D:\FPT\ki5\SWP302\swp391-su26-ai-audit-project-swp391_se20a11_group-05\Sources\Backend\src\main\java\com\example\smartcity\security\https\HttpsRedirectFilter.java
D:\FPT\ki5\SWP302\swp391-su26-ai-audit-project-swp391_se20a11_group-05\Sources\Backend\src\main\java\com\example\smartcity\security\jwt\JwtAuthenticationFilter.java
D:\FPT\ki5\SWP302\swp391-su26-ai-audit-project-swp391_se20a11_group-05\Sources\Backend\src\main\java\com\example\smartcity\security\jwt\JwtAuthEntryPoint.java
D:\FPT\ki5\SWP302\swp391-su26-ai-audit-project-swp391_se20a11_group-05\Sources\Backend\src\main\java\com\example\smartcity\security\jwt\JwtTokenProvider.java
D:\FPT\ki5\SWP302\swp391-su26-ai-audit-project-swp391_se20a11_group-05\Sources\Backend\src\main\java\com\example\smartcity\security\jwt\TokenBlacklistService.java
D:\FPT\ki5\SWP302\swp391-su26-ai-audit-project-swp391_se20a11_group-05\Sources\Backend\src\main\java\com\example\smartcity\security\ratelimit\AuthRateLimiter.java
D:\FPT\ki5\SWP302\swp391-su26-ai-audit-project-swp391_se20a11_group-05\Sources\Backend\src\main\java\com\example\smartcity\security\ratelimit\RateLimitExceededException.java
D:\FPT\ki5\SWP302\swp391-su26-ai-audit-project-swp391_se20a11_group-05\Sources\Backend\src\main\java\com\example\smartcity\security\secrets\DockerSecretsProvider.java
D:\FPT\ki5\SWP302\swp391-su26-ai-audit-project-swp391_se20a11_group-05\Sources\Backend\src\main\java\com\example\smartcity\security\secrets\EnvironmentSecretsProvider.java
D:\FPT\ki5\SWP302\swp391-su26-ai-audit-project-swp391_se20a11_group-05\Sources\Backend\src\main\java\com\example\smartcity\security\secrets\KubernetesSecretsProvider.java
D:\FPT\ki5\SWP302\swp391-su26-ai-audit-project-swp391_se20a11_group-05\Sources\Backend\src\main\java\com\example\smartcity\security\secrets\SecretsProvider.java
D:\FPT\ki5\SWP302\swp391-su26-ai-audit-project-swp391_se20a11_group-05\Sources\Backend\src\main\java\com\example\smartcity\security\secrets\SecurityManager.java
D:\FPT\ki5\SWP302\swp391-su26-ai-audit-project-swp391_se20a11_group-05\Sources\Backend\src\main\java\com\example\smartcity\security\SecurityConfig.java
D:\FPT\ki5\SWP302\swp391-su26-ai-audit-project-swp391_se20a11_group-05\Sources\Backend\src\main\java\com\example\smartcity\SmartCityApplication.java
