com\example\smartcity\modules\auth\AuthControllerTest.class
com\example\smartcity\rag\VectorSearchIntegrationTest.class
com\example\smartcity\SmartCityApplicationTests$TestConfig.class
com\example\smartcity\modules\user\controller\UserControllerTest.class
com\example\smartcity\rag\HybridRagIntegrationTest.class
com\example\smartcity\security\jwt\JwtTokenProviderTest.class
com\example\smartcity\GenerateFirebaseKey.class
com\example\smartcity\modules\notification\service\NotificationServiceTest.class
com\example\smartcity\modules\feedback\service\AutoDispatchServiceTest$1.class
com\example\smartcity\modules\auth\AuthServiceTest.class
com\example\smartcity\PrintUsersTest.class
com\example\smartcity\modules\feedback\service\AutoDispatchServiceTest.class
com\example\smartcity\modules\feedback\FeedbackServiceTest.class
com\example\smartcity\modules\user\service\UserServiceTest.class
com\example\smartcity\rag\AbstractIntegrationTest.class
com\example\smartcity\modules\campaign\service\CampaignAppealServiceImplTest.class
com\example\smartcity\SmartCityApplicationTests.class
