D:\FPT\ki5\SWP302\swp391-su26-ai-audit-project-swp391_se20a11_group-05\Sources\Backend\src\test\java\com\example\smartcity\GenerateFirebaseKey.java
D:\FPT\ki5\SWP302\swp391-su26-ai-audit-project-swp391_se20a11_group-05\Sources\Backend\src\test\java\com\example\smartcity\modules\auth\AuthControllerTest.java
D:\FPT\ki5\SWP302\swp391-su26-ai-audit-project-swp391_se20a11_group-05\Sources\Backend\src\test\java\com\example\smartcity\modules\auth\AuthServiceTest.java
D:\FPT\ki5\SWP302\swp391-su26-ai-audit-project-swp391_se20a11_group-05\Sources\Backend\src\test\java\com\example\smartcity\modules\campaign\service\CampaignAppealServiceImplTest.java
D:\FPT\ki5\SWP302\swp391-su26-ai-audit-project-swp391_se20a11_group-05\Sources\Backend\src\test\java\com\example\smartcity\modules\feedback\FeedbackServiceTest.java
D:\FPT\ki5\SWP302\swp391-su26-ai-audit-project-swp391_se20a11_group-05\Sources\Backend\src\test\java\com\example\smartcity\modules\feedback\service\AutoDispatchServiceTest.java
D:\FPT\ki5\SWP302\swp391-su26-ai-audit-project-swp391_se20a11_group-05\Sources\Backend\src\test\java\com\example\smartcity\modules\notification\service\NotificationServiceTest.java
D:\FPT\ki5\SWP302\swp391-su26-ai-audit-project-swp391_se20a11_group-05\Sources\Backend\src\test\java\com\example\smartcity\modules\user\controller\UserControllerTest.java
D:\FPT\ki5\SWP302\swp391-su26-ai-audit-project-swp391_se20a11_group-05\Sources\Backend\src\test\java\com\example\smartcity\modules\user\service\UserServiceTest.java
D:\FPT\ki5\SWP302\swp391-su26-ai-audit-project-swp391_se20a11_group-05\Sources\Backend\src\test\java\com\example\smartcity\PrintUsersTest.java
D:\FPT\ki5\SWP302\swp391-su26-ai-audit-project-swp391_se20a11_group-05\Sources\Backend\src\test\java\com\example\smartcity\rag\AbstractIntegrationTest.java
D:\FPT\ki5\SWP302\swp391-su26-ai-audit-project-swp391_se20a11_group-05\Sources\Backend\src\test\java\com\example\smartcity\rag\HybridRagIntegrationTest.java
D:\FPT\ki5\SWP302\swp391-su26-ai-audit-project-swp391_se20a11_group-05\Sources\Backend\src\test\java\com\example\smartcity\rag\VectorSearchIntegrationTest.java
D:\FPT\ki5\SWP302\swp391-su26-ai-audit-project-swp391_se20a11_group-05\Sources\Backend\src\test\java\com\example\smartcity\security\jwt\JwtTokenProviderTest.java
D:\FPT\ki5\SWP302\swp391-su26-ai-audit-project-swp391_se20a11_group-05\Sources\Backend\src\test\java\com\example\smartcity\SmartCityApplicationTests.java
